// Jest Snapshot v1, https://goo.gl/fbAQLP

exports[`tabs :base 1`] = `
<t-tabs
  id="base"
>
  <wx-view
    class="t-tabs t-tabs--left t-class"
  >
    <t-sticky
      container=""
      disabled="{{false}}"
      offsetTop=""
      tClass="t-tabs__sticky"
      zIndex="{{2}}"
      bind:scroll="onTouchScroll"
    >
      <wx-view
        class="t-tabs__wrapper"
      >
        <wx-scroll-view
          class="t-tabs__scroll"
          enableFlex="{{true}}"
          scrollLeft="{{0}}"
          scrollWithAnimation="{{true}}"
          scrollX="{{false}}"
          scrollY="{{true}}"
        >
          <wx-view
            class="t-tabs__nav"
          >
            <wx-view
              class="t-tabs__item t-class-item  t-is-active t-class-active"
              data-index="{{0}}"
              bind:tap="onTabTap"
            >
              
            标签页一
          
            </wx-view>
            <wx-view
              class="t-tabs__item t-class-item  "
              data-index="{{1}}"
              bind:tap="onTabTap"
            >
              
            label1
          
            </wx-view>
            <wx-view
              class="t-tabs__item t-class-item  "
              data-index="{{2}}"
              bind:tap="onTabTap"
            >
              
            label2
          
            </wx-view>
            <wx-view
              class="t-tabs__item t-class-item  "
              data-index="{{3}}"
              bind:tap="onTabTap"
            >
              
            label3
          
            </wx-view>
            <wx-view
              class="t-tabs__track t-class-track"
              style="-webkit-transform: translateX(-15px);
        transform: translateX(-15px);
      width: 30px;"
            />
          </wx-view>
        </wx-scroll-view>
      </wx-view>
    </t-sticky>
    <wx-view
      class="t-tabs__content"
      bind:touchcancel="onTouchEnd"
      bind:touchend="onTouchEnd"
      bind:touchmove="onTouchMove"
      bind:touchstart="onTouchStart"
    >
      <wx-view
        class="t-tabs__content-inner "
        style="-webkit-transition-duration: 0s;transition-duration: 0s;transform: translate3d( 0,0%, 0)"
      >
        <t-tab-panel
          id="first"
        >
          <wx-view
            class="t-tab-panel t-is-active"
            style=""
          >
            标签一内容
          </wx-view>
        </t-tab-panel>
        <t-tab-panel />
        <t-tab-panel />
        <t-tab-panel />
      </wx-view>
    </wx-view>
  </wx-view>
</t-tabs>
`;
